Copyright 1986-2020 Xilinx, Inc. All Rights Reserved.
-----------------------------------------------------------------------------------------------------------------------------------------------------------------------------------------------------
| Tool Version      : Vivado v.2020.1 (lin64) Build 2902540 Wed May 27 19:54:35 MDT 2020
| Date              : Mon Jan  6 17:06:50 2025
| Host              : bhashni-Vivobook-ASUSLaptop-X1502ZA-X1502ZA running 64-bit Ubuntu 20.04.6 LTS
| Command           : report_bus_skew -warn_on_violation -file Kintex_Golden_wrapper_bus_skew_routed.rpt -pb Kintex_Golden_wrapper_bus_skew_routed.pb -rpx Kintex_Golden_wrapper_bus_skew_routed.rpx
| Design            : Kintex_Golden_wrapper
| Device            : xcku11p-ffva1156
| Speed File        : -2  PRODUCTION 1.28 02-27-2020
| Temperature Grade : I
-----------------------------------------------------------------------------------------------------------------------------------------------------------------------------------------------------

Bus Skew Report

No bus skew constraints

